JSON RPC Response
id: 1
method: execute
Method: execute
Depth: 42
Stop reason: stuck
Number of next states: 0
State:
<generatedTop>
  <T>
    <k>
      .K
    </k>
    <state>
      k |-> 10001 sum |-> 50005000
    </state>
  </T>
  <generatedCounter>
    0
  </generatedCounter>
</generatedTop>