<generatedTop>
  <T>
    <k>
      < 29 , 18 >Rat ;  < 1 , 18 >Rat ;  < 35 , 54 >Rat ;  < 15 , 14 >Rat ;  < 52 , 9 >Rat ;  < 38 , 9 >Rat ;  < 35 , 9 >Rat ;  < 45 , 7 >Rat ;  < 47 , 6 >Rat ;  < -37 , 6 >Rat ;  < 35 , 6 >Rat ;  < 5 , 42 >Rat ;  12 ;  -2 ;  35 ;  < 5 , 7 >Rat ;  .Pgm ~> .K
    </k>
  </T>
  <generatedCounter>
    0
  </generatedCounter>
</generatedTop>
