<generatedTop>
  <T>
    <k>
      < 3 , 2 >Rat ;  0 ;  < -3 , 2 >Rat ;  -3 ;  0 ;  3 ;  < -3 , 2 >Rat ;  0 ;  < 3 , 2 >Rat ;  .Pgm ~> .K
    </k>
  </T>
  <generatedCounter>
    0
  </generatedCounter>
</generatedTop>
