<generatedTop>
  <T>
    <k>
      1 ;  1 ;  1 ;  1 ;  1 ;  1 ;  0 ;  1 ;  0 ;  16 ;  8 ;  4 ;  2 ;  1 ;  < 1 , 2 >Rat ;  < 1 , 4 >Rat ;  < 1 , 8 >Rat ;  < 1 , 16 >Rat ;  16 ;  -8 ;  4 ;  -2 ;  1 ;  < -1 , 2 >Rat ;  < 1 , 4 >Rat ;  < -1 , 8 >Rat ;  < 1 , 16 >Rat ;  < 1 , 16 >Rat ;  < 1 , 8 >Rat ;  < 1 , 4 >Rat ;  < 1 , 2 >Rat ;  1 ;  2 ;  4 ;  8 ;  16 ;  < 1 , 16 >Rat ;  < -1 , 8 >Rat ;  < 1 , 4 >Rat ;  < -1 , 2 >Rat ;  1 ;  -2 ;  4 ;  -8 ;  16 ;  1 ;  -1 ;  1 ;  -1 ;  1 ;  -1 ;  1 ;  -1 ;  1 ;  0 ;  0 ;  0 ;  0 ;  1 ;  0 ;  0 ;  0 ;  0 ;  1 ;  1 ;  1 ;  1 ;  1 ;  1 ;  1 ;  1 ;  1 ;  .Pgm ~> .K
    </k>
  </T>
  <generatedCounter>
    0
  </generatedCounter>
</generatedTop>
